Microchip MPLAB XC8 Compiler V2.46

Linker command line:

-W-3 \
  --edf=C:\Program Files\Microchip\xc8\v2.46\pic\dat\20240104201356_en.msgs \
  -cn -h+dist/default/production\Digita_voltmeter.X.production.sym \
  --cmf=dist/default/production\Digita_voltmeter.X.production.cmf -z \
  -Q16F877A -oC:\Users\Ganesh\AppData\Local\Temp\xcAssa8.\driver_tmp_3.o \
  --defsym=__MPLAB_BUILD=1 --fixupoverflow=error \
  -Mdist/default/production/Digita_voltmeter.X.production.map \
  --md=C:\Users\Ganesh\AppData\Local\Temp\xcAssa8.\driver_tmp_0.dat -E1 \
  -ver=XC8 Compiler --acfsm=1493 -ACODE=00h-07FFhx4 -ASTRCODE=00h-01FFFh \
  -ASTRING=00h-0FFhx32 -ACONST=00h-0FFhx32 -AENTRY=00h-0FFhx32 \
  -ACOMMON=070h-07Fh -ABANK0=020h-06Fh -ABANK1=0A0h-0EFh \
  -ABANK2=0110h-016Fh -ABANK3=0190h-01EFh \
  -ARAM=020h-06Fh,0A0h-0EFh,0110h-016Fh,0190h-01EFh \
  -AABS1=020h-07Fh,0A0h-0EFh,0110h-016Fh,0190h-01EFh -ASFR0=00h-01Fh \
  -ASFR1=080h-09Fh -ASFR2=0100h-010Fh -ASFR3=0180h-018Fh \
  -ACONFIG=02007h-02007h -DCONFIG=2 -AIDLOC=02000h-02003h -DIDLOC=2 \
  -AEEDATA=00h-0FFh/02100h -peeprom_data=EEDATA -DEEDATA=2 -DCODE=2 \
  -DSTRCODE=2 -DSTRING=2 -DCONST=2 -DENTRY=2 \
  -preset_vec=00h,intentry,sivt,init,end_init -ppowerup=CODE -pcinit=CODE \
  -pfunctab=ENTRY -k \
  C:\Users\Ganesh\AppData\Local\Temp\xcAssa8.\driver_tmp_12.o \
  dist/default/production\Digita_voltmeter.X.production.o 

Object code version is 3.11

Machine type is 16F877A



                Name                               Link     Load   Length Selector   Space Scale
C:\Users\Ganesh\AppData\Local\Temp\xcAssa8.\driver_tmp_12.o
                end_init                              0        0        3        0       0
                config                             2007     2007        1        0       4
                idloc                              2000     2000        4        0       5
dist/default/production\Digita_voltmeter.X.production.o
                cinit                               7FC      7FC        4      FF8       0
                config                             2007     2007        1        0       4
                idloc                              2000     2000        4        0       5
                text15                              2E8      2E8      1CF      5D0       0
                text14                              FB1      FB1       27     1F62       0
                text13                              4B7      4B7      345      96E       0
                text12                               EE       EE       78      1DC       0
                text11                               53       53       44       A6       0
                text10                               19       19       3A       32       0
                text9                               166      166       B8      2CC       0
                text8                               F91      F91       20     1F22       0
                text7                               FD8      FD8       28     1FB0       0
                text6                               F80      F80       11     1F00       0
                text5                               F63      F63        7     1EC6       0
                text4                                97       97       57      12E       0
                text3                               F6A      F6A        B     1ED4       0
                text2                               F75      F75        B     1EEA       0
                text1                                 7        7       12        E       0
                maintext                            21E      21E       CA      43C       0
                cstackBANK0                          20       20       44       20       1
                cstackCOMMON                         70       70        E       70       1
                strings                             800      800       29     1000       0

TOTAL           Name                               Link     Load   Length     Space
        CLASS   CODE           
                end_init                              0        0        3         0
                cinit                               7FC      7FC        4         0
                text15                              2E8      2E8      1CF         0
                text14                              FB1      FB1       27         0
                text13                              4B7      4B7      345         0
                text12                               EE       EE       78         0
                text11                               53       53       44         0
                text10                               19       19       3A         0
                text9                               166      166       B8         0
                text8                               F91      F91       20         0
                text7                               FD8      FD8       28         0
                text6                               F80      F80       11         0
                text5                               F63      F63        7         0
                text4                                97       97       57         0
                text3                               F6A      F6A        B         0
                text2                               F75      F75        B         0
                text1                                 7        7       12         0
                maintext                            21E      21E       CA         0

        CLASS   STRCODE        

        CLASS   STRING         
                strings                             800      800       29         0

        CLASS   CONST          

        CLASS   ENTRY          

        CLASS   COMMON         
                cstackCOMMON                         70       70        E         1

        CLASS   BANK0          
                cstackBANK0                          20       20       44         1

        CLASS   BANK1          

        CLASS   BANK2          

        CLASS   BANK3          

        CLASS   RAM            

        CLASS   ABS1           
                abs_s1                               7E       7E        2         1

        CLASS   SFR0           

        CLASS   SFR1           

        CLASS   SFR2           

        CLASS   SFR3           

        CLASS   CONFIG         
                config                             2007     2007        1         4

        CLASS   IDLOC          
                idloc                              2000     2000        4         5

        CLASS   EEDATA         

        CLASS   HEAP           

        CLASS   STACK          



SEGMENTS        Name                           Load    Length   Top    Selector   Space  Class     Delta

                reset_vec                      000000  000003  000003         0       0  CODE        2
                text1                          000007  000012  000019         E       0  CODE        2
                cstackBANK0                    000020  000044  000064        20       1  BANK0       1
                text10                         000019  00003A  000053        32       0  CODE        2
                cstackCOMMON                   000070  00000E  00007E        70       1  COMMON      1
                text11                         000053  000044  000097        A6       0  CODE        2
                text4                          000097  000057  0000EE       12E       0  CODE        2
                text12                         0000EE  000078  000166       1DC       0  CODE        2
                text9                          000166  0000B8  00021E       2CC       0  CODE        2
                maintext                       00021E  0000CA  0002E8       43C       0  CODE        2
                text15                         0002E8  0001CF  0004B7       5D0       0  CODE        2
                text13                         0004B7  000345  0007FC       96E       0  CODE        2
                cinit                          0007FC  000004  000800       FF8       0  CODE        2
                strings                        000800  000029  000829      1000       0  STRING      2
                text5                          000F63  000007  000F6A      1EC6       0  CODE        2
                text3                          000F6A  00000B  000F75      1ED4       0  CODE        2
                text2                          000F75  00000B  000F80      1EEA       0  CODE        2
                text6                          000F80  000011  000F91      1F00       0  CODE        2
                text8                          000F91  000020  000FB1      1F22       0  CODE        2
                text14                         000FB1  000027  000FD8      1F62       0  CODE        2
                text7                          000FD8  000028  001000      1FB0       0  CODE        2


UNUSED ADDRESS RANGES

        Name                Unused          Largest block    Delta
        BANK0            0064-006F              C           1
        BANK1            00A0-00EF             50           1
        BANK2            0110-016F             60           1
        BANK3            0190-01EF             60           1
        CODE             0003-0006              4           2
                         0829-0F62            73A
                         1000-1FFF            800
        CONST            0003-0006              4           2
                         0829-0F62            100
                         1000-1FFF            100
        EEDATA           2100-21FF            100           2
        ENTRY            0003-0006              4           2
                         0829-0F62            100
                         1000-1FFF            100
        RAM              0064-006F              C           1
                         00A0-00EF             50
                         0110-016F             60
                         0190-01EF             60
        SFR0             0000-001F             20           1
        SFR1             0080-009F             20           1
        SFR2             0100-010F             10           1
        SFR3             0180-018F             10           1
        STRCODE          0003-0006              4           2
                         0829-0F62            73A
                         1000-1FFF           1000
        STRING           0003-0006              4           2
                         0829-0F62            100
                         1000-1FFF            100

                                  Symbol Table

?__Umul8_16                      cstackCOMMON 0070
?___fldiv                        cstackBANK0  0020
?___flmul                        cstackBANK0  003A
?___fltol                        cstackBANK0  0054
?___lwdiv                        cstackCOMMON 0070
?___lwmod                        cstackCOMMON 0070
?___xxtofl                       cstackCOMMON 0070
?_read_adc                       cstackCOMMON 0070
_ADFM                            (abs)        04FF
_ADON                            (abs)        00F8
_ADRESH                          (abs)        001E
_ADRESL                          (abs)        009E
_GO                              (abs)        00FA
_PORTD                           (abs)        0008
_RE1                             (abs)        0049
_RE2                             (abs)        004A
_TRISD                           (abs)        0088
_TRISE1                          (abs)        0449
_TRISE2                          (abs)        044A
__H__absolute__                  __absolute__ 0000
__Habs1                          abs1         0000
__Hbank0                         bank0        0000
__Hbank1                         bank1        0000
__Hbank2                         bank2        0000
__Hbank3                         bank3        0000
__Hcinit                         cinit        0800
__Hclrtext                       clrtext      0000
__Hcode                          code         0000
__Hcommon                        common       0000
__Hconfig                        config       2008
__HcstackBANK0                   cstackBANK0  0000
__HcstackCOMMON                  cstackCOMMON 0000
__Heeprom_data                   eeprom_data  0000
__Hend_init                      end_init     0003
__Hfunctab                       functab      0000
__Hheap                          heap         0000
__Hidloc                         idloc        2004
__Hinit                          init         0000
__Hintentry                      intentry     0000
__Hmaintext                      maintext     0000
__Hpowerup                       powerup      0000
__Hram                           ram          0000
__Hreset_vec                     reset_vec    0000
__Hsfr0                          sfr0         0000
__Hsfr1                          sfr1         0000
__Hsfr2                          sfr2         0000
__Hsfr3                          sfr3         0000
__Hsivt                          sivt         0000
__Hspace_0                       (abs)        1000
__Hspace_1                       (abs)        007E
__Hspace_2                       (abs)        0000
__Hspace_3                       (abs)        0000
__Hspace_4                       (abs)        400F
__Hstack                         stack        0000
__Hstrings                       strings      0000
__Htext                          text         0000
__L__absolute__                  __absolute__ 0000
__Labs1                          abs1         0000
__Lbank0                         bank0        0000
__Lbank1                         bank1        0000
__Lbank2                         bank2        0000
__Lbank3                         bank3        0000
__Lcinit                         cinit        07FC
__Lclrtext                       clrtext      0000
__Lcode                          code         0000
__Lcommon                        common       0000
__Lconfig                        config       0000
__LcstackBANK0                   cstackBANK0  0000
__LcstackCOMMON                  cstackCOMMON 0000
__Leeprom_data                   eeprom_data  0000
__Lend_init                      end_init     0000
__Lfunctab                       functab      0000
__Lheap                          heap         0000
__Lidloc                         idloc        0000
__Linit                          init         0000
__Lintentry                      intentry     0000
__Lmaintext                      maintext     0000
__Lpowerup                       powerup      0000
__Lram                           ram          0000
__Lreset_vec                     reset_vec    0000
__Lsfr0                          sfr0         0000
__Lsfr1                          sfr1         0000
__Lsfr2                          sfr2         0000
__Lsfr3                          sfr3         0000
__Lsivt                          sivt         0000
__Lspace_0                       (abs)        0000
__Lspace_1                       (abs)        0000
__Lspace_2                       (abs)        0000
__Lspace_3                       (abs)        0000
__Lspace_4                       (abs)        0000
__Lstack                         stack        0000
__Lstrings                       strings      0000
__Ltext                          text         0000
__S0                             (abs)        1000
__S1                             (abs)        007E
__S3                             (abs)        0000
__Umul8_16                       text14       0FB1
__Umul8_16@multiplicand          cstackCOMMON 0070
__Umul8_16@multiplier            cstackCOMMON 0078
__Umul8_16@product               cstackCOMMON 0074
__Umul8_16@word_mpld             cstackCOMMON 0076
___fldiv                         text15       02E8
___fldiv@a                       cstackBANK0  0020
___fldiv@aexp                    cstackBANK0  0039
___fldiv@b                       cstackBANK0  0024
___fldiv@bexp                    cstackBANK0  0038
___fldiv@grs                     cstackBANK0  0034
___fldiv@new_exp                 cstackBANK0  0032
___fldiv@rem                     cstackBANK0  002D
___fldiv@sign                    cstackBANK0  0031
___flmul                         text13       04B7
___flmul@a                       cstackBANK0  003E
___flmul@aexp                    cstackBANK0  004C
___flmul@b                       cstackBANK0  003A
___flmul@bexp                    cstackBANK0  004D
___flmul@grs                     cstackBANK0  0048
___flmul@prod                    cstackBANK0  004E
___flmul@sign                    cstackBANK0  0047
___flmul@temp                    cstackBANK0  0052
___fltol                         text12       00EE
___fltol@exp1                    cstackBANK0  005D
___fltol@f1                      cstackBANK0  0054
___fltol@sign1                   cstackBANK0  005C
___heap_hi                       (abs)        0000
___heap_lo                       (abs)        0000
___int_sp                        stack        0000
___int_stack_hi                  stack        0000
___int_stack_lo                  stack        0000
___latbits                       (abs)        0002
___lwdiv                         text11       0053
___lwdiv@counter                 cstackCOMMON 0076
___lwdiv@dividend                cstackCOMMON 0072
___lwdiv@divisor                 cstackCOMMON 0070
___lwdiv@quotient                cstackCOMMON 0074
___lwmod                         text10       0019
___lwmod@counter                 cstackCOMMON 0074
___lwmod@dividend                cstackCOMMON 0072
___lwmod@divisor                 cstackCOMMON 0070
___sp                            stack        0000
___stack_hi                      stack        0000
___stack_lo                      stack        0000
___stackhi                       (abs)        0000
___stacklo                       (abs)        0000
___xxtofl                        text9        0166
___xxtofl@arg                    cstackCOMMON 007A
___xxtofl@exp                    cstackCOMMON 0079
___xxtofl@sign                   cstackCOMMON 0078
___xxtofl@val                    cstackCOMMON 0070
__end_of__Umul8_16               text14       0FD8
__end_of___fldiv                 text15       04B7
__end_of___flmul                 text13       07FC
__end_of___fltol                 text12       0166
__end_of___lwdiv                 text11       0097
__end_of___lwmod                 text10       0053
__end_of___xxtofl                text9        021E
__end_of__initialization         cinit        07FC
__end_of__stringtab              strings      0806
__end_of_clcd_print              text7        1000
__end_of_clcd_putch              text6        0F91
__end_of_clcd_write              text8        0FB1
__end_of_init_adc                text5        0F6A
__end_of_init_clcd               text3        0F75
__end_of_init_config             text2        0F80
__end_of_init_display_controller text4        00EE
__end_of_main                    maintext     02E8
__end_of_read_adc                text1        0019
__initialization                 cinit        07FC
__pcstackBANK0                   cstackBANK0  0020
__pcstackCOMMON                  cstackCOMMON 0070
__pmaintext                      maintext     021E
__pstrings                       strings      0800
__ptext1                         text1        0007
__ptext10                        text10       0019
__ptext11                        text11       0053
__ptext12                        text12       00EE
__ptext13                        text13       04B7
__ptext14                        text14       0FB1
__ptext15                        text15       02E8
__ptext2                         text2        0F75
__ptext3                         text3        0F6A
__ptext4                         text4        0097
__ptext5                         text5        0F63
__ptext6                         text6        0F80
__ptext7                         text7        0FD8
__ptext8                         text8        0F91
__ptext9                         text9        0166
__stringbase                     strings      0805
__stringtab                      strings      0800
_clcd_print                      text7        0FD8
_clcd_putch                      text6        0F80
_clcd_write                      text8        0F91
_init_adc                        text5        0F63
_init_clcd                       text3        0F6A
_init_config                     text2        0F75
_init_display_controller         text4        0097
_main                            maintext     021E
_main$693                        cstackBANK0  005E
_nDONE                           (abs)        00FA
_read_adc                        text1        0007
btemp                            (abs)        007E
clcd_print@addr                  cstackCOMMON 0074
clcd_print@str                   cstackCOMMON 0075
clcd_putch@addr                  cstackCOMMON 0077
clcd_putch@data                  cstackCOMMON 0078
clcd_write@byte                  cstackCOMMON 0073
clcd_write@mode                  cstackCOMMON 0070
end_of_initialization            cinit        07FC
intlevel0                        functab      0000
intlevel1                        functab      0000
intlevel2                        functab      0000
intlevel3                        functab      0000
intlevel4                        functab      0000
intlevel5                        functab      0000
main@voltage                     cstackBANK0  0062
read_adc@adc_reg_val             cstackCOMMON 0072
reset_vec                        reset_vec    0000
start                            init         0000
start_initialization             cinit        07FC
wtemp0                           (abs)        007E


MODULE INFORMATION

Module		Function		Class		Link	Load	Size
C:\Program Files\Microchip\xc8\v2.46\pic\sources\c99\common\fltol.c
		___fltol       		CODE           	00EE	0000	120

C:\Program Files\Microchip\xc8\v2.46\pic\sources\c99\common\fltol.c estimated size: 120

C:\Program Files\Microchip\xc8\v2.46\pic\sources\c99\common\Umul8_16.c
		__Umul8_16     		CODE           	0FB1	0000	39

C:\Program Files\Microchip\xc8\v2.46\pic\sources\c99\common\Umul8_16.c estimated size: 39

C:\Program Files\Microchip\xc8\v2.46\pic\sources\c99\common\lwdiv.c
		___lwdiv       		CODE           	0053	0000	68

C:\Program Files\Microchip\xc8\v2.46\pic\sources\c99\common\lwdiv.c estimated size: 68

C:\Program Files\Microchip\xc8\v2.46\pic\sources\c99\common\xxtofl.c
		___xxtofl      		CODE           	0166	0000	184

C:\Program Files\Microchip\xc8\v2.46\pic\sources\c99\common\xxtofl.c estimated size: 184

C:\Program Files\Microchip\xc8\v2.46\pic\sources\c99\common\sprcmul.c
		___flmul       		CODE           	04B7	0000	837

C:\Program Files\Microchip\xc8\v2.46\pic\sources\c99\common\sprcmul.c estimated size: 837

C:\Program Files\Microchip\xc8\v2.46\pic\sources\c99\common\sprcdiv.c
		___fldiv       		CODE           	02E8	0000	463

C:\Program Files\Microchip\xc8\v2.46\pic\sources\c99\common\sprcdiv.c estimated size: 463

adc.c
		_init_adc      		CODE           	0F63	0000	7
		_read_adc      		CODE           	0007	0000	18

adc.c estimated size: 25

shared
		__stringtab    		STRING         	0800	0000	6
		__initialization		CODE           	07FC	0000	1

shared estimated size: 7

clcd.c
		_clcd_write    		CODE           	0F91	0000	32
		_clcd_print    		CODE           	0FD8	0000	40
		_clcd_putch    		CODE           	0F80	0000	17
		_init_display_controller		CODE           	0097	0000	87
		_init_clcd     		CODE           	0F6A	0000	11

clcd.c estimated size: 187

C:\Program Files\Microchip\xc8\v2.46\pic\sources\c99\common\lwmod.c
		___lwmod       		CODE           	0019	0000	58

C:\Program Files\Microchip\xc8\v2.46\pic\sources\c99\common\lwmod.c estimated size: 58

main.c
		_main          		CODE           	021E	0000	202
		_init_config   		CODE           	0F75	0000	11

main.c estimated size: 213

